tests/flow-engine.test.ts(143,12): error TS18047: 'calendar' is possibly 'null'.
tests/flow-engine.test.ts(144,12): error TS18047: 'calendar' is possibly 'null'.
tests/flow-engine.test.ts(145,12): error TS18047: 'calendar' is possibly 'null'.
tests/flow-engine.test.ts(146,12): error TS18047: 'calendar' is possibly 'null'.
tests/flow-engine.test.ts(147,12): error TS18047: 'calendar' is possibly 'null'.
tests/flow-engine.test.ts(148,12): error TS18047: 'calendar' is possibly 'null'.
tests/flow-engine.test.ts(291,22): error TS1117: An object literal cannot have multiple properties with the same name.
tests/flow-page-content.test.tsx(65,7): error TS2741: Property 'simulationTreeId' is missing in type '{ gate: { choice: "pulso"; llmMode: "service"; provider: string; backendCredentialId: null; hasUserApiKey: false; estimatedCostSats: number; estimatedCostUsd: number; ready: true; walletRequired: false; summary: string; updatedAt: string; } | null; ... 10 more ...; resume: { ...; }; }' but required in type '{ gate: { provider: string; estimatedCostSats: number; summary: string; updatedAt: string | null; choice: "pulso" | "advanced"; llmMode: "local" | "codex" | "service" | "own"; backendCredentialId: string | null; hasUserApiKey: boolean; estimatedCostUsd: number; ready: boolean; walletRequired: boolean; } | null; ... ...'.
tests/simulation-orchestrator.test.ts(32,57): error TS2322: Type '{ title: string; summary: string; totalMonths: number; estimatedWeeklyHours: number; peakWeeklyHours: number; phases: { id: string; title: string; summary: string; startMonth: number; endMonth: number; ... 4 more ...; isSupportTrack: boolean; }[]; conflicts: never[]; milestones: never[]; }' is not assignable to type '{ summary: string; title: string; totalMonths: number; estimatedWeeklyHours: number; phases: { id: string; summary: string; hoursPerWeek: number; title: string; goalIds: string[]; dependencies: string[]; startMonth: number; endMonth: number; milestone: string; metrics: string[]; }[]; milestones: string[]; conflicts:...'.
  Types of property 'phases' are incompatible.
    Type '{ id: string; title: string; summary: string; startMonth: number; endMonth: number; goalIds: string[]; hoursPerWeek: number; milestone: string; metrics: never[]; isSupportTrack: boolean; }[]' is not assignable to type '{ id: string; summary: string; hoursPerWeek: number; title: string; goalIds: string[]; dependencies: string[]; startMonth: number; endMonth: number; milestone: string; metrics: string[]; }[]'.
      Property 'dependencies' is missing in type '{ id: string; title: string; summary: string; startMonth: number; endMonth: number; goalIds: string[]; hoursPerWeek: number; milestone: string; metrics: never[]; isSupportTrack: boolean; }' but required in type '{ id: string; summary: string; hoursPerWeek: number; title: string; goalIds: string[]; dependencies: string[]; startMonth: number; endMonth: number; milestone: string; metrics: string[]; }'.
tests/simulation-orchestrator.test.ts(32,70): error TS2741: Property 'selectedAdjustment' is missing in type '{ status: "ok"; availableHours: number; neededHours: number; summary: string; recommendations: never[]; adjustmentsApplied: never[]; }' but required in type '{ status: "ok" | "adjustment_required"; summary: string; availableHours: number; neededHours: number; selectedAdjustment: "keep" | "reduce_load" | "extend_timeline" | "auto_prioritize"; recommendations: string[]; adjustmentsApplied: string[]; }'.
tests/simulation-orchestrator.test.ts(34,112): error TS2322: Type '{ title: string; summary: string; totalMonths: number; estimatedWeeklyHours: number; peakWeeklyHours: number; phases: { id: string; title: string; summary: string; startMonth: number; endMonth: number; ... 4 more ...; isSupportTrack: boolean; }[]; conflicts: never[]; milestones: never[]; }' is not assignable to type '{ summary: string; title: string; totalMonths: number; estimatedWeeklyHours: number; phases: { id: string; summary: string; hoursPerWeek: number; title: string; goalIds: string[]; dependencies: string[]; startMonth: number; endMonth: number; milestone: string; metrics: string[]; }[]; milestones: string[]; conflicts:...'.
  Types of property 'phases' are incompatible.
    Type '{ id: string; title: string; summary: string; startMonth: number; endMonth: number; goalIds: string[]; hoursPerWeek: number; milestone: string; metrics: never[]; isSupportTrack: boolean; }[]' is not assignable to type '{ id: string; summary: string; hoursPerWeek: number; title: string; goalIds: string[]; dependencies: string[]; startMonth: number; endMonth: number; milestone: string; metrics: string[]; }[]'.
      Property 'dependencies' is missing in type '{ id: string; title: string; summary: string; startMonth: number; endMonth: number; goalIds: string[]; hoursPerWeek: number; milestone: string; metrics: never[]; isSupportTrack: boolean; }' but required in type '{ id: string; summary: string; hoursPerWeek: number; title: string; goalIds: string[]; dependencies: string[]; startMonth: number; endMonth: number; milestone: string; metrics: string[]; }'.
tests/simulation-orchestrator.test.ts(34,125): error TS2741: Property 'selectedAdjustment' is missing in type '{ status: "ok"; availableHours: number; neededHours: number; summary: string; recommendations: never[]; adjustmentsApplied: never[]; }' but required in type '{ status: "ok" | "adjustment_required"; summary: string; availableHours: number; neededHours: number; selectedAdjustment: "keep" | "reduce_load" | "extend_timeline" | "auto_prioritize"; recommendations: string[]; adjustmentsApplied: string[]; }'.
tests/simulation-orchestrator.test.ts(43,57): error TS2322: Type '{ title: string; summary: string; totalMonths: number; estimatedWeeklyHours: number; peakWeeklyHours: number; phases: { id: string; title: string; summary: string; startMonth: number; endMonth: number; ... 4 more ...; isSupportTrack: boolean; }[]; conflicts: never[]; milestones: never[]; }' is not assignable to type '{ summary: string; title: string; totalMonths: number; estimatedWeeklyHours: number; phases: { id: string; summary: string; hoursPerWeek: number; title: string; goalIds: string[]; dependencies: string[]; startMonth: number; endMonth: number; milestone: string; metrics: string[]; }[]; milestones: string[]; conflicts:...'.
  Types of property 'phases' are incompatible.
    Type '{ id: string; title: string; summary: string; startMonth: number; endMonth: number; goalIds: string[]; hoursPerWeek: number; milestone: string; metrics: never[]; isSupportTrack: boolean; }[]' is not assignable to type '{ id: string; summary: string; hoursPerWeek: number; title: string; goalIds: string[]; dependencies: string[]; startMonth: number; endMonth: number; milestone: string; metrics: string[]; }[]'.
      Property 'dependencies' is missing in type '{ id: string; title: string; summary: string; startMonth: number; endMonth: number; goalIds: string[]; hoursPerWeek: number; milestone: string; metrics: never[]; isSupportTrack: boolean; }' but required in type '{ id: string; summary: string; hoursPerWeek: number; title: string; goalIds: string[]; dependencies: string[]; startMonth: number; endMonth: number; milestone: string; metrics: string[]; }'.
tests/simulation-orchestrator.test.ts(43,70): error TS2741: Property 'selectedAdjustment' is missing in type '{ status: "ok"; availableHours: number; neededHours: number; summary: string; recommendations: never[]; adjustmentsApplied: never[]; }' but required in type '{ status: "ok" | "adjustment_required"; summary: string; availableHours: number; neededHours: number; selectedAdjustment: "keep" | "reduce_load" | "extend_timeline" | "auto_prioritize"; recommendations: string[]; adjustmentsApplied: string[]; }'.
tests/simulation-orchestrator.test.ts(45,107): error TS2322: Type '{ title: string; summary: string; totalMonths: number; estimatedWeeklyHours: number; peakWeeklyHours: number; phases: { id: string; title: string; summary: string; startMonth: number; endMonth: number; ... 4 more ...; isSupportTrack: boolean; }[]; conflicts: never[]; milestones: never[]; }' is not assignable to type '{ summary: string; title: string; totalMonths: number; estimatedWeeklyHours: number; phases: { id: string; summary: string; hoursPerWeek: number; title: string; goalIds: string[]; dependencies: string[]; startMonth: number; endMonth: number; milestone: string; metrics: string[]; }[]; milestones: string[]; conflicts:...'.
  Types of property 'phases' are incompatible.
    Type '{ id: string; title: string; summary: string; startMonth: number; endMonth: number; goalIds: string[]; hoursPerWeek: number; milestone: string; metrics: never[]; isSupportTrack: boolean; }[]' is not assignable to type '{ id: string; summary: string; hoursPerWeek: number; title: string; goalIds: string[]; dependencies: string[]; startMonth: number; endMonth: number; milestone: string; metrics: string[]; }[]'.
      Property 'dependencies' is missing in type '{ id: string; title: string; summary: string; startMonth: number; endMonth: number; goalIds: string[]; hoursPerWeek: number; milestone: string; metrics: never[]; isSupportTrack: boolean; }' but required in type '{ id: string; summary: string; hoursPerWeek: number; title: string; goalIds: string[]; dependencies: string[]; startMonth: number; endMonth: number; milestone: string; metrics: string[]; }'.
tests/simulation-orchestrator.test.ts(45,120): error TS2741: Property 'selectedAdjustment' is missing in type '{ status: "ok"; availableHours: number; neededHours: number; summary: string; recommendations: never[]; adjustmentsApplied: never[]; }' but required in type '{ status: "ok" | "adjustment_required"; summary: string; availableHours: number; neededHours: number; selectedAdjustment: "keep" | "reduce_load" | "extend_timeline" | "auto_prioritize"; recommendations: string[]; adjustmentsApplied: string[]; }'.
tests/simulation-orchestrator.test.ts(53,57): error TS2322: Type '{ title: string; summary: string; totalMonths: number; estimatedWeeklyHours: number; peakWeeklyHours: number; phases: { id: string; title: string; summary: string; startMonth: number; endMonth: number; ... 4 more ...; isSupportTrack: boolean; }[]; conflicts: never[]; milestones: never[]; }' is not assignable to type '{ summary: string; title: string; totalMonths: number; estimatedWeeklyHours: number; phases: { id: string; summary: string; hoursPerWeek: number; title: string; goalIds: string[]; dependencies: string[]; startMonth: number; endMonth: number; milestone: string; metrics: string[]; }[]; milestones: string[]; conflicts:...'.
  Types of property 'phases' are incompatible.
    Type '{ id: string; title: string; summary: string; startMonth: number; endMonth: number; goalIds: string[]; hoursPerWeek: number; milestone: string; metrics: never[]; isSupportTrack: boolean; }[]' is not assignable to type '{ id: string; summary: string; hoursPerWeek: number; title: string; goalIds: string[]; dependencies: string[]; startMonth: number; endMonth: number; milestone: string; metrics: string[]; }[]'.
      Property 'dependencies' is missing in type '{ id: string; title: string; summary: string; startMonth: number; endMonth: number; goalIds: string[]; hoursPerWeek: number; milestone: string; metrics: never[]; isSupportTrack: boolean; }' but required in type '{ id: string; summary: string; hoursPerWeek: number; title: string; goalIds: string[]; dependencies: string[]; startMonth: number; endMonth: number; milestone: string; metrics: string[]; }'.
tests/simulation-orchestrator.test.ts(53,70): error TS2741: Property 'selectedAdjustment' is missing in type '{ status: "ok"; availableHours: number; neededHours: number; summary: string; recommendations: never[]; adjustmentsApplied: never[]; }' but required in type '{ status: "ok" | "adjustment_required"; summary: string; availableHours: number; neededHours: number; selectedAdjustment: "keep" | "reduce_load" | "extend_timeline" | "auto_prioritize"; recommendations: string[]; adjustmentsApplied: string[]; }'.
tests/simulation-orchestrator.test.ts(56,97): error TS2322: Type '{ title: string; summary: string; totalMonths: number; estimatedWeeklyHours: number; peakWeeklyHours: number; phases: { id: string; title: string; summary: string; startMonth: number; endMonth: number; ... 4 more ...; isSupportTrack: boolean; }[]; conflicts: never[]; milestones: never[]; }' is not assignable to type '{ summary: string; title: string; totalMonths: number; estimatedWeeklyHours: number; phases: { id: string; summary: string; hoursPerWeek: number; title: string; goalIds: string[]; dependencies: string[]; startMonth: number; endMonth: number; milestone: string; metrics: string[]; }[]; milestones: string[]; conflicts:...'.
  Types of property 'phases' are incompatible.
    Type '{ id: string; title: string; summary: string; startMonth: number; endMonth: number; goalIds: string[]; hoursPerWeek: number; milestone: string; metrics: never[]; isSupportTrack: boolean; }[]' is not assignable to type '{ id: string; summary: string; hoursPerWeek: number; title: string; goalIds: string[]; dependencies: string[]; startMonth: number; endMonth: number; milestone: string; metrics: string[]; }[]'.
      Property 'dependencies' is missing in type '{ id: string; title: string; summary: string; startMonth: number; endMonth: number; goalIds: string[]; hoursPerWeek: number; milestone: string; metrics: never[]; isSupportTrack: boolean; }' but required in type '{ id: string; summary: string; hoursPerWeek: number; title: string; goalIds: string[]; dependencies: string[]; startMonth: number; endMonth: number; milestone: string; metrics: string[]; }'.
tests/simulation-orchestrator.test.ts(56,110): error TS2741: Property 'selectedAdjustment' is missing in type '{ status: "ok"; availableHours: number; neededHours: number; summary: string; recommendations: never[]; adjustmentsApplied: never[]; }' but required in type '{ status: "ok" | "adjustment_required"; summary: string; availableHours: number; neededHours: number; selectedAdjustment: "keep" | "reduce_load" | "extend_timeline" | "auto_prioritize"; recommendations: string[]; adjustmentsApplied: string[]; }'.
tests/simulation-orchestrator.test.ts(65,57): error TS2322: Type '{ title: string; summary: string; totalMonths: number; estimatedWeeklyHours: number; peakWeeklyHours: number; phases: { id: string; title: string; summary: string; startMonth: number; endMonth: number; ... 4 more ...; isSupportTrack: boolean; }[]; conflicts: never[]; milestones: never[]; }' is not assignable to type '{ summary: string; title: string; totalMonths: number; estimatedWeeklyHours: number; phases: { id: string; summary: string; hoursPerWeek: number; title: string; goalIds: string[]; dependencies: string[]; startMonth: number; endMonth: number; milestone: string; metrics: string[]; }[]; milestones: string[]; conflicts:...'.
  Types of property 'phases' are incompatible.
    Type '{ id: string; title: string; summary: string; startMonth: number; endMonth: number; goalIds: string[]; hoursPerWeek: number; milestone: string; metrics: never[]; isSupportTrack: boolean; }[]' is not assignable to type '{ id: string; summary: string; hoursPerWeek: number; title: string; goalIds: string[]; dependencies: string[]; startMonth: number; endMonth: number; milestone: string; metrics: string[]; }[]'.
      Property 'dependencies' is missing in type '{ id: string; title: string; summary: string; startMonth: number; endMonth: number; goalIds: string[]; hoursPerWeek: number; milestone: string; metrics: never[]; isSupportTrack: boolean; }' but required in type '{ id: string; summary: string; hoursPerWeek: number; title: string; goalIds: string[]; dependencies: string[]; startMonth: number; endMonth: number; milestone: string; metrics: string[]; }'.
tests/simulation-orchestrator.test.ts(65,70): error TS2741: Property 'selectedAdjustment' is missing in type '{ status: "ok"; availableHours: number; neededHours: number; summary: string; recommendations: never[]; adjustmentsApplied: never[]; }' but required in type '{ status: "ok" | "adjustment_required"; summary: string; availableHours: number; neededHours: number; selectedAdjustment: "keep" | "reduce_load" | "extend_timeline" | "auto_prioritize"; recommendations: string[]; adjustmentsApplied: string[]; }'.
tests/simulation-orchestrator.test.ts(67,114): error TS2322: Type '{ title: string; summary: string; totalMonths: number; estimatedWeeklyHours: number; peakWeeklyHours: number; phases: { id: string; title: string; summary: string; startMonth: number; endMonth: number; ... 4 more ...; isSupportTrack: boolean; }[]; conflicts: never[]; milestones: never[]; }' is not assignable to type '{ summary: string; title: string; totalMonths: number; estimatedWeeklyHours: number; phases: { id: string; summary: string; hoursPerWeek: number; title: string; goalIds: string[]; dependencies: string[]; startMonth: number; endMonth: number; milestone: string; metrics: string[]; }[]; milestones: string[]; conflicts:...'.
  Types of property 'phases' are incompatible.
    Type '{ id: string; title: string; summary: string; startMonth: number; endMonth: number; goalIds: string[]; hoursPerWeek: number; milestone: string; metrics: never[]; isSupportTrack: boolean; }[]' is not assignable to type '{ id: string; summary: string; hoursPerWeek: number; title: string; goalIds: string[]; dependencies: string[]; startMonth: number; endMonth: number; milestone: string; metrics: string[]; }[]'.
      Property 'dependencies' is missing in type '{ id: string; title: string; summary: string; startMonth: number; endMonth: number; goalIds: string[]; hoursPerWeek: number; milestone: string; metrics: never[]; isSupportTrack: boolean; }' but required in type '{ id: string; summary: string; hoursPerWeek: number; title: string; goalIds: string[]; dependencies: string[]; startMonth: number; endMonth: number; milestone: string; metrics: string[]; }'.
tests/simulation-orchestrator.test.ts(67,127): error TS2741: Property 'selectedAdjustment' is missing in type '{ status: "ok"; availableHours: number; neededHours: number; summary: string; recommendations: never[]; adjustmentsApplied: never[]; }' but required in type '{ status: "ok" | "adjustment_required"; summary: string; availableHours: number; neededHours: number; selectedAdjustment: "keep" | "reduce_load" | "extend_timeline" | "auto_prioritize"; recommendations: string[]; adjustmentsApplied: string[]; }'.
tests/simulation-propagation.test.ts(6,3): error TS2322: Type '{ status: "pending" | "locked" | "simulated" | "stale" | "affected"; id: string; version: number; label: string; findings: { message: string; id: string; severity: "critical" | "warning" | "info"; nodeId: string; target: "strategy" | "tree"; suggestedFix: string | null; }[]; ... 14 more ...; actionLog?: { ...; }[] |...' is not assignable to type '{ status: "pending" | "locked" | "simulated" | "stale" | "affected"; id: string; version: number; label: string; findings: { message: string; id: string; severity: "critical" | "warning" | "info"; nodeId: string; target: "strategy" | "tree"; suggestedFix: string | null; }[]; ... 14 more ...; actionLog: { ...; }[]; }'.
  Types of property 'actionLog' are incompatible.
    Type '{ content: string; durationMs: number; timestamp: string; step: number; phase: "reason" | "act" | "observe"; agentRole: "mundo" | "yo" | "orchestrator"; toolUsed: string | null; }[] | undefined' is not assignable to type '{ content: string; durationMs: number; timestamp: string; step: number; phase: "reason" | "act" | "observe"; agentRole: "mundo" | "yo" | "orchestrator"; toolUsed: string | null; }[]'.
      Type 'undefined' is not assignable to type '{ content: string; durationMs: number; timestamp: string; step: number; phase: "reason" | "act" | "observe"; agentRole: "mundo" | "yo" | "orchestrator"; toolUsed: string | null; }[]'.
tests/simulation-propagation.test.ts(18,3): error TS2741: Property 'persona' is missing in type '{ id: string; workflowId: string; rootNodeId: string; nodes: Record<string, { status: "pending" | "locked" | "simulated" | "stale" | "affected"; id: string; version: number; label: string; findings: { ...; }[]; ... 14 more ...; actionLog: { ...; }[]; }>; ... 5 more ...; updatedAt: string; }' but required in type '{ persona: { name: string; age: number; occupation: string; personalityType: "flexible" | "disciplinado" | "procrastinador" | "perfeccionista" | "impulsivo" | "constante"; energyPattern: "matutino" | ... 1 more ... | "neutro"; ... 11 more ...; generatedAt: string; } | null; ... 9 more ...; estimatedLlmCostSats: numb...'.
tests/simulation-tree-builder.test.ts(35,60): error TS2322: Type '{ title: string; summary: string; totalMonths: number; estimatedWeeklyHours: number; peakWeeklyHours: number; phases: { id: string; title: string; summary: string; startMonth: number; endMonth: number; ... 4 more ...; isSupportTrack: boolean; }[]; conflicts: never[]; milestones: never[]; }' is not assignable to type '{ summary: string; title: string; totalMonths: number; estimatedWeeklyHours: number; phases: { id: string; summary: string; hoursPerWeek: number; title: string; goalIds: string[]; dependencies: string[]; startMonth: number; endMonth: number; milestone: string; metrics: string[]; }[]; milestones: string[]; conflicts:...'.
  Types of property 'phases' are incompatible.
    Type '{ id: string; title: string; summary: string; startMonth: number; endMonth: number; goalIds: string[]; hoursPerWeek: number; milestone: string; metrics: never[]; isSupportTrack: boolean; }[]' is not assignable to type '{ id: string; summary: string; hoursPerWeek: number; title: string; goalIds: string[]; dependencies: string[]; startMonth: number; endMonth: number; milestone: string; metrics: string[]; }[]'.
      Property 'dependencies' is missing in type '{ id: string; title: string; summary: string; startMonth: number; endMonth: number; goalIds: string[]; hoursPerWeek: number; milestone: string; metrics: never[]; isSupportTrack: boolean; }' but required in type '{ id: string; summary: string; hoursPerWeek: number; title: string; goalIds: string[]; dependencies: string[]; startMonth: number; endMonth: number; milestone: string; metrics: string[]; }'.
tests/simulation-tree-builder.test.ts(35,82): error TS2741: Property 'selectedAdjustment' is missing in type '{ status: "ok"; availableHours: number; neededHours: number; summary: string; recommendations: never[]; adjustmentsApplied: never[]; }' but required in type '{ status: "ok" | "adjustment_required"; summary: string; availableHours: number; neededHours: number; selectedAdjustment: "keep" | "reduce_load" | "extend_timeline" | "auto_prioritize"; recommendations: string[]; adjustmentsApplied: string[]; }'.
tests/simulation-tree-builder.test.ts(35,105): error TS2739: Type '{ participantes: { datosPersonales: { nombre: string; narrativaPersonal: string; rangoEtario: string; localidad: string; }; calendario: { horasLibresEstimadas: { diasLaborales: number; diasDescanso: number; }; bloqueosSemanales: never[]; eventosProximos: never[]; diasNoDisponibles: never[]; }; patronesEnergia: { ......' is missing the following properties from type '{ version: string; planificacionConjunta: boolean; participantes: { id: string; datosPersonales: { nombre: string; edad: number; sexo: string; ubicacion: { ciudad: string; pais: string; zonaHoraria: string; ... 6 more ...; adversidadesLocales: string[]; }; idioma: string; nivelAcademico: string; nivelEconomico: "baj...': version, planificacionConjunta, objetivos, estadoDinamico
tests/simulation-tree-builder.test.ts(47,60): error TS2322: Type '{ title: string; summary: string; totalMonths: number; estimatedWeeklyHours: number; peakWeeklyHours: number; phases: { id: string; title: string; summary: string; startMonth: number; endMonth: number; ... 4 more ...; isSupportTrack: boolean; }[]; conflicts: never[]; milestones: never[]; }' is not assignable to type '{ summary: string; title: string; totalMonths: number; estimatedWeeklyHours: number; phases: { id: string; summary: string; hoursPerWeek: number; title: string; goalIds: string[]; dependencies: string[]; startMonth: number; endMonth: number; milestone: string; metrics: string[]; }[]; milestones: string[]; conflicts:...'.
  Types of property 'phases' are incompatible.
    Type '{ id: string; title: string; summary: string; startMonth: number; endMonth: number; goalIds: string[]; hoursPerWeek: number; milestone: string; metrics: never[]; isSupportTrack: boolean; }[]' is not assignable to type '{ id: string; summary: string; hoursPerWeek: number; title: string; goalIds: string[]; dependencies: string[]; startMonth: number; endMonth: number; milestone: string; metrics: string[]; }[]'.
      Property 'dependencies' is missing in type '{ id: string; title: string; summary: string; startMonth: number; endMonth: number; goalIds: string[]; hoursPerWeek: number; milestone: string; metrics: never[]; isSupportTrack: boolean; }' but required in type '{ id: string; summary: string; hoursPerWeek: number; title: string; goalIds: string[]; dependencies: string[]; startMonth: number; endMonth: number; milestone: string; metrics: string[]; }'.
tests/simulation-tree-builder.test.ts(47,73): error TS2741: Property 'selectedAdjustment' is missing in type '{ status: "ok"; availableHours: number; neededHours: number; summary: string; recommendations: never[]; adjustmentsApplied: never[]; }' but required in type '{ status: "ok" | "adjustment_required"; summary: string; availableHours: number; neededHours: number; selectedAdjustment: "keep" | "reduce_load" | "extend_timeline" | "auto_prioritize"; recommendations: string[]; adjustmentsApplied: string[]; }'.
tests/simulation-tree-builder.test.ts(47,96): error TS2739: Type '{ participantes: { datosPersonales: { nombre: string; narrativaPersonal: string; rangoEtario: string; localidad: string; }; calendario: { horasLibresEstimadas: { diasLaborales: number; diasDescanso: number; }; bloqueosSemanales: never[]; eventosProximos: never[]; diasNoDisponibles: never[]; }; patronesEnergia: { ......' is missing the following properties from type '{ version: string; planificacionConjunta: boolean; participantes: { id: string; datosPersonales: { nombre: string; edad: number; sexo: string; ubicacion: { ciudad: string; pais: string; zonaHoraria: string; ... 6 more ...; adversidadesLocales: string[]; }; idioma: string; nivelAcademico: string; nivelEconomico: "baj...': version, planificacionConjunta, objetivos, estadoDinamico
tests/simulation-tree-builder.test.ts(55,60): error TS2322: Type '{ title: string; summary: string; totalMonths: number; estimatedWeeklyHours: number; peakWeeklyHours: number; phases: { id: string; title: string; summary: string; startMonth: number; endMonth: number; ... 4 more ...; isSupportTrack: boolean; }[]; conflicts: never[]; milestones: never[]; }' is not assignable to type '{ summary: string; title: string; totalMonths: number; estimatedWeeklyHours: number; phases: { id: string; summary: string; hoursPerWeek: number; title: string; goalIds: string[]; dependencies: string[]; startMonth: number; endMonth: number; milestone: string; metrics: string[]; }[]; milestones: string[]; conflicts:...'.
  Types of property 'phases' are incompatible.
    Type '{ id: string; title: string; summary: string; startMonth: number; endMonth: number; goalIds: string[]; hoursPerWeek: number; milestone: string; metrics: never[]; isSupportTrack: boolean; }[]' is not assignable to type '{ id: string; summary: string; hoursPerWeek: number; title: string; goalIds: string[]; dependencies: string[]; startMonth: number; endMonth: number; milestone: string; metrics: string[]; }[]'.
      Property 'dependencies' is missing in type '{ id: string; title: string; summary: string; startMonth: number; endMonth: number; goalIds: string[]; hoursPerWeek: number; milestone: string; metrics: never[]; isSupportTrack: boolean; }' but required in type '{ id: string; summary: string; hoursPerWeek: number; title: string; goalIds: string[]; dependencies: string[]; startMonth: number; endMonth: number; milestone: string; metrics: string[]; }'.
tests/simulation-tree-builder.test.ts(55,83): error TS2741: Property 'selectedAdjustment' is missing in type '{ status: "ok"; availableHours: number; neededHours: number; summary: string; recommendations: never[]; adjustmentsApplied: never[]; }' but required in type '{ status: "ok" | "adjustment_required"; summary: string; availableHours: number; neededHours: number; selectedAdjustment: "keep" | "reduce_load" | "extend_timeline" | "auto_prioritize"; recommendations: string[]; adjustmentsApplied: string[]; }'.
tests/simulation-tree-builder.test.ts(55,106): error TS2739: Type '{ participantes: { datosPersonales: { nombre: string; narrativaPersonal: string; rangoEtario: string; localidad: string; }; calendario: { horasLibresEstimadas: { diasLaborales: number; diasDescanso: number; }; bloqueosSemanales: never[]; eventosProximos: never[]; diasNoDisponibles: never[]; }; patronesEnergia: { ......' is missing the following properties from type '{ version: string; planificacionConjunta: boolean; participantes: { id: string; datosPersonales: { nombre: string; edad: number; sexo: string; ubicacion: { ciudad: string; pais: string; zonaHoraria: string; ... 6 more ...; adversidadesLocales: string[]; }; idioma: string; nivelAcademico: string; nivelEconomico: "baj...': version, planificacionConjunta, objetivos, estadoDinamico
tests/simulation-tree-builder.test.ts(57,61): error TS2322: Type '{ title: string; summary: string; totalMonths: number; estimatedWeeklyHours: number; peakWeeklyHours: number; phases: { id: string; title: string; summary: string; startMonth: number; endMonth: number; ... 4 more ...; isSupportTrack: boolean; }[]; conflicts: never[]; milestones: never[]; }' is not assignable to type '{ summary: string; title: string; totalMonths: number; estimatedWeeklyHours: number; phases: { id: string; summary: string; hoursPerWeek: number; title: string; goalIds: string[]; dependencies: string[]; startMonth: number; endMonth: number; milestone: string; metrics: string[]; }[]; milestones: string[]; conflicts:...'.
  Types of property 'phases' are incompatible.
    Type '{ id: string; title: string; summary: string; startMonth: number; endMonth: number; goalIds: string[]; hoursPerWeek: number; milestone: string; metrics: never[]; isSupportTrack: boolean; }[]' is not assignable to type '{ id: string; summary: string; hoursPerWeek: number; title: string; goalIds: string[]; dependencies: string[]; startMonth: number; endMonth: number; milestone: string; metrics: string[]; }[]'.
      Property 'dependencies' is missing in type '{ id: string; title: string; summary: string; startMonth: number; endMonth: number; goalIds: string[]; hoursPerWeek: number; milestone: string; metrics: never[]; isSupportTrack: boolean; }' but required in type '{ id: string; summary: string; hoursPerWeek: number; title: string; goalIds: string[]; dependencies: string[]; startMonth: number; endMonth: number; milestone: string; metrics: string[]; }'.
tests/simulation-tree-builder.test.ts(57,84): error TS2739: Type '{ participantes: { datosPersonales: { nombre: string; narrativaPersonal: string; rangoEtario: string; localidad: string; }; calendario: { horasLibresEstimadas: { diasLaborales: number; diasDescanso: number; }; bloqueosSemanales: never[]; eventosProximos: never[]; diasNoDisponibles: never[]; }; patronesEnergia: { ......' is missing the following properties from type '{ version: string; planificacionConjunta: boolean; participantes: { id: string; datosPersonales: { nombre: string; edad: number; sexo: string; ubicacion: { ciudad: string; pais: string; zonaHoraria: string; ... 6 more ...; adversidadesLocales: string[]; }; idioma: string; nivelAcademico: string; nivelEconomico: "baj...': version, planificacionConjunta, objetivos, estadoDinamico
tests/simulation-tree-builder.test.ts(67,60): error TS2322: Type '{ title: string; summary: string; totalMonths: number; estimatedWeeklyHours: number; peakWeeklyHours: number; phases: { id: string; title: string; summary: string; startMonth: number; endMonth: number; ... 4 more ...; isSupportTrack: boolean; }[]; conflicts: never[]; milestones: never[]; }' is not assignable to type '{ summary: string; title: string; totalMonths: number; estimatedWeeklyHours: number; phases: { id: string; summary: string; hoursPerWeek: number; title: string; goalIds: string[]; dependencies: string[]; startMonth: number; endMonth: number; milestone: string; metrics: string[]; }[]; milestones: string[]; conflicts:...'.
  Types of property 'phases' are incompatible.
    Type '{ id: string; title: string; summary: string; startMonth: number; endMonth: number; goalIds: string[]; hoursPerWeek: number; milestone: string; metrics: never[]; isSupportTrack: boolean; }[]' is not assignable to type '{ id: string; summary: string; hoursPerWeek: number; title: string; goalIds: string[]; dependencies: string[]; startMonth: number; endMonth: number; milestone: string; metrics: string[]; }[]'.
      Property 'dependencies' is missing in type '{ id: string; title: string; summary: string; startMonth: number; endMonth: number; goalIds: string[]; hoursPerWeek: number; milestone: string; metrics: never[]; isSupportTrack: boolean; }' but required in type '{ id: string; summary: string; hoursPerWeek: number; title: string; goalIds: string[]; dependencies: string[]; startMonth: number; endMonth: number; milestone: string; metrics: string[]; }'.
tests/simulation-tree-builder.test.ts(67,83): error TS2741: Property 'selectedAdjustment' is missing in type '{ status: "ok"; availableHours: number; neededHours: number; summary: string; recommendations: never[]; adjustmentsApplied: never[]; }' but required in type '{ status: "ok" | "adjustment_required"; summary: string; availableHours: number; neededHours: number; selectedAdjustment: "keep" | "reduce_load" | "extend_timeline" | "auto_prioritize"; recommendations: string[]; adjustmentsApplied: string[]; }'.
tests/simulation-tree-builder.test.ts(67,106): error TS2739: Type '{ participantes: { datosPersonales: { nombre: string; narrativaPersonal: string; rangoEtario: string; localidad: string; }; calendario: { horasLibresEstimadas: { diasLaborales: number; diasDescanso: number; }; bloqueosSemanales: never[]; eventosProximos: never[]; diasNoDisponibles: never[]; }; patronesEnergia: { ......' is missing the following properties from type '{ version: string; planificacionConjunta: boolean; participantes: { id: string; datosPersonales: { nombre: string; edad: number; sexo: string; ubicacion: { ciudad: string; pais: string; zonaHoraria: string; ... 6 more ...; adversidadesLocales: string[]; }; idioma: string; nivelAcademico: string; nivelEconomico: "baj...': version, planificacionConjunta, objetivos, estadoDinamico
tests/simulation-tree-builder.test.ts(69,55): error TS2322: Type '{ title: string; summary: string; totalMonths: number; estimatedWeeklyHours: number; peakWeeklyHours: number; phases: { id: string; title: string; summary: string; startMonth: number; endMonth: number; ... 4 more ...; isSupportTrack: boolean; }[]; conflicts: never[]; milestones: never[]; }' is not assignable to type '{ summary: string; title: string; totalMonths: number; estimatedWeeklyHours: number; phases: { id: string; summary: string; hoursPerWeek: number; title: string; goalIds: string[]; dependencies: string[]; startMonth: number; endMonth: number; milestone: string; metrics: string[]; }[]; milestones: string[]; conflicts:...'.
  Types of property 'phases' are incompatible.
    Type '{ id: string; title: string; summary: string; startMonth: number; endMonth: number; goalIds: string[]; hoursPerWeek: number; milestone: string; metrics: never[]; isSupportTrack: boolean; }[]' is not assignable to type '{ id: string; summary: string; hoursPerWeek: number; title: string; goalIds: string[]; dependencies: string[]; startMonth: number; endMonth: number; milestone: string; metrics: string[]; }[]'.
      Property 'dependencies' is missing in type '{ id: string; title: string; summary: string; startMonth: number; endMonth: number; goalIds: string[]; hoursPerWeek: number; milestone: string; metrics: never[]; isSupportTrack: boolean; }' but required in type '{ id: string; summary: string; hoursPerWeek: number; title: string; goalIds: string[]; dependencies: string[]; startMonth: number; endMonth: number; milestone: string; metrics: string[]; }'.
tests/simulation-tree-builder.test.ts(69,78): error TS2739: Type '{ participantes: { datosPersonales: { nombre: string; narrativaPersonal: string; rangoEtario: string; localidad: string; }; calendario: { horasLibresEstimadas: { diasLaborales: number; diasDescanso: number; }; bloqueosSemanales: never[]; eventosProximos: never[]; diasNoDisponibles: never[]; }; patronesEnergia: { ......' is missing the following properties from type '{ version: string; planificacionConjunta: boolean; participantes: { id: string; datosPersonales: { nombre: string; edad: number; sexo: string; ubicacion: { ciudad: string; pais: string; zonaHoraria: string; ... 6 more ...; adversidadesLocales: string[]; }; idioma: string; nivelAcademico: string; nivelEconomico: "baj...': version, planificacionConjunta, objetivos, estadoDinamico
tests/simulation-tree-builder.test.ts(70,53): error TS2322: Type '{ title: string; summary: string; totalMonths: number; estimatedWeeklyHours: number; peakWeeklyHours: number; phases: { id: string; title: string; summary: string; startMonth: number; endMonth: number; ... 4 more ...; isSupportTrack: boolean; }[]; conflicts: never[]; milestones: never[]; }' is not assignable to type '{ summary: string; title: string; totalMonths: number; estimatedWeeklyHours: number; phases: { id: string; summary: string; hoursPerWeek: number; title: string; goalIds: string[]; dependencies: string[]; startMonth: number; endMonth: number; milestone: string; metrics: string[]; }[]; milestones: string[]; conflicts:...'.
  Types of property 'phases' are incompatible.
    Type '{ id: string; title: string; summary: string; startMonth: number; endMonth: number; goalIds: string[]; hoursPerWeek: number; milestone: string; metrics: never[]; isSupportTrack: boolean; }[]' is not assignable to type '{ id: string; summary: string; hoursPerWeek: number; title: string; goalIds: string[]; dependencies: string[]; startMonth: number; endMonth: number; milestone: string; metrics: string[]; }[]'.
      Property 'dependencies' is missing in type '{ id: string; title: string; summary: string; startMonth: number; endMonth: number; goalIds: string[]; hoursPerWeek: number; milestone: string; metrics: never[]; isSupportTrack: boolean; }' but required in type '{ id: string; summary: string; hoursPerWeek: number; title: string; goalIds: string[]; dependencies: string[]; startMonth: number; endMonth: number; milestone: string; metrics: string[]; }'.
tests/simulation-tree-builder.test.ts(70,76): error TS2739: Type '{ participantes: { datosPersonales: { nombre: string; narrativaPersonal: string; rangoEtario: string; localidad: string; }; calendario: { horasLibresEstimadas: { diasLaborales: number; diasDescanso: number; }; bloqueosSemanales: never[]; eventosProximos: never[]; diasNoDisponibles: never[]; }; patronesEnergia: { ......' is missing the following properties from type '{ version: string; planificacionConjunta: boolean; participantes: { id: string; datosPersonales: { nombre: string; edad: number; sexo: string; ubicacion: { ciudad: string; pais: string; zonaHoraria: string; ... 6 more ...; adversidadesLocales: string[]; }; idioma: string; nivelAcademico: string; nivelEconomico: "baj...': version, planificacionConjunta, objetivos, estadoDinamico
tests/user-agent.test.ts(6,3): error TS2741: Property 'actionLog' is missing in type '{ id: string; parentId: string; granularity: "month"; label: string; period: { start: string; end: string; }; status: "pending"; version: number; plannedHours: number; actualHours: null; quality: null; ... 8 more ...; simulatedWith: null; }' but required in type '{ status: "pending" | "locked" | "simulated" | "stale" | "affected"; id: string; version: number; label: string; findings: { message: string; id: string; severity: "critical" | "warning" | "info"; nodeId: string; target: "strategy" | "tree"; suggestedFix: string | null; }[]; ... 14 more ...; actionLog: { ...; }[]; }'.
tests/world-agent.test.ts(6,3): error TS2741: Property 'actionLog' is missing in type '{ id: string; parentId: string; granularity: "month"; label: string; period: { start: string; end: string; }; status: "pending"; version: number; plannedHours: number; actualHours: null; quality: null; ... 8 more ...; simulatedWith: null; }' but required in type '{ status: "pending" | "locked" | "simulated" | "stale" | "affected"; id: string; version: number; label: string; findings: { message: string; id: string; severity: "critical" | "warning" | "info"; nodeId: string; target: "strategy" | "tree"; suggestedFix: string | null; }[]; ... 14 more ...; actionLog: { ...; }[]; }'.
tests/world-agent.test.ts(22,48): error TS2345: Argument of type '{ title: string; summary: string; totalMonths: number; estimatedWeeklyHours: number; peakWeeklyHours: number; phases: { id: string; title: string; summary: string; startMonth: number; endMonth: number; ... 4 more ...; isSupportTrack: boolean; }[]; conflicts: never[]; milestones: never[]; }' is not assignable to parameter of type '{ summary: string; title: string; totalMonths: number; estimatedWeeklyHours: number; phases: { id: string; summary: string; hoursPerWeek: number; title: string; goalIds: string[]; dependencies: string[]; startMonth: number; endMonth: number; milestone: string; metrics: string[]; }[]; milestones: string[]; conflicts:...'.
  Types of property 'phases' are incompatible.
    Type '{ id: string; title: string; summary: string; startMonth: number; endMonth: number; goalIds: string[]; hoursPerWeek: number; milestone: string; metrics: never[]; isSupportTrack: boolean; }[]' is not assignable to type '{ id: string; summary: string; hoursPerWeek: number; title: string; goalIds: string[]; dependencies: string[]; startMonth: number; endMonth: number; milestone: string; metrics: string[]; }[]'.
      Property 'dependencies' is missing in type '{ id: string; title: string; summary: string; startMonth: number; endMonth: number; goalIds: string[]; hoursPerWeek: number; milestone: string; metrics: never[]; isSupportTrack: boolean; }' but required in type '{ id: string; summary: string; hoursPerWeek: number; title: string; goalIds: string[]; dependencies: string[]; startMonth: number; endMonth: number; milestone: string; metrics: string[]; }'.
tests/world-agent.test.ts(23,48): error TS2345: Argument of type '{ title: string; summary: string; totalMonths: number; estimatedWeeklyHours: number; peakWeeklyHours: number; phases: { id: string; title: string; summary: string; startMonth: number; endMonth: number; ... 4 more ...; isSupportTrack: boolean; }[]; conflicts: never[]; milestones: never[]; }' is not assignable to parameter of type '{ summary: string; title: string; totalMonths: number; estimatedWeeklyHours: number; phases: { id: string; summary: string; hoursPerWeek: number; title: string; goalIds: string[]; dependencies: string[]; startMonth: number; endMonth: number; milestone: string; metrics: string[]; }[]; milestones: string[]; conflicts:...'.
  Types of property 'phases' are incompatible.
    Type '{ id: string; title: string; summary: string; startMonth: number; endMonth: number; goalIds: string[]; hoursPerWeek: number; milestone: string; metrics: never[]; isSupportTrack: boolean; }[]' is not assignable to type '{ id: string; summary: string; hoursPerWeek: number; title: string; goalIds: string[]; dependencies: string[]; startMonth: number; endMonth: number; milestone: string; metrics: string[]; }[]'.
      Property 'dependencies' is missing in type '{ id: string; title: string; summary: string; startMonth: number; endMonth: number; goalIds: string[]; hoursPerWeek: number; milestone: string; metrics: never[]; isSupportTrack: boolean; }' but required in type '{ id: string; summary: string; hoursPerWeek: number; title: string; goalIds: string[]; dependencies: string[]; startMonth: number; endMonth: number; milestone: string; metrics: string[]; }'.
tests/world-agent.test.ts(30,49): error TS2345: Argument of type '{ title: string; summary: string; totalMonths: number; estimatedWeeklyHours: number; peakWeeklyHours: number; phases: { id: string; title: string; summary: string; startMonth: number; endMonth: number; ... 4 more ...; isSupportTrack: boolean; }[]; conflicts: never[]; milestones: never[]; }' is not assignable to parameter of type '{ summary: string; title: string; totalMonths: number; estimatedWeeklyHours: number; phases: { id: string; summary: string; hoursPerWeek: number; title: string; goalIds: string[]; dependencies: string[]; startMonth: number; endMonth: number; milestone: string; metrics: string[]; }[]; milestones: string[]; conflicts:...'.
  Types of property 'phases' are incompatible.
    Type '{ id: string; title: string; summary: string; startMonth: number; endMonth: number; goalIds: string[]; hoursPerWeek: number; milestone: string; metrics: never[]; isSupportTrack: boolean; }[]' is not assignable to type '{ id: string; summary: string; hoursPerWeek: number; title: string; goalIds: string[]; dependencies: string[]; startMonth: number; endMonth: number; milestone: string; metrics: string[]; }[]'.
      Property 'dependencies' is missing in type '{ id: string; title: string; summary: string; startMonth: number; endMonth: number; goalIds: string[]; hoursPerWeek: number; milestone: string; metrics: never[]; isSupportTrack: boolean; }' but required in type '{ id: string; summary: string; hoursPerWeek: number; title: string; goalIds: string[]; dependencies: string[]; startMonth: number; endMonth: number; milestone: string; metrics: string[]; }'.
tests/world-agent.test.ts(38,45): error TS2345: Argument of type '{ title: string; summary: string; totalMonths: number; estimatedWeeklyHours: number; peakWeeklyHours: number; phases: { id: string; title: string; summary: string; startMonth: number; endMonth: number; ... 4 more ...; isSupportTrack: boolean; }[]; conflicts: never[]; milestones: never[]; }' is not assignable to parameter of type '{ summary: string; title: string; totalMonths: number; estimatedWeeklyHours: number; phases: { id: string; summary: string; hoursPerWeek: number; title: string; goalIds: string[]; dependencies: string[]; startMonth: number; endMonth: number; milestone: string; metrics: string[]; }[]; milestones: string[]; conflicts:...'.
  Types of property 'phases' are incompatible.
    Type '{ id: string; title: string; summary: string; startMonth: number; endMonth: number; goalIds: string[]; hoursPerWeek: number; milestone: string; metrics: never[]; isSupportTrack: boolean; }[]' is not assignable to type '{ id: string; summary: string; hoursPerWeek: number; title: string; goalIds: string[]; dependencies: string[]; startMonth: number; endMonth: number; milestone: string; metrics: string[]; }[]'.
      Property 'dependencies' is missing in type '{ id: string; title: string; summary: string; startMonth: number; endMonth: number; goalIds: string[]; hoursPerWeek: number; milestone: string; metrics: never[]; isSupportTrack: boolean; }' but required in type '{ id: string; summary: string; hoursPerWeek: number; title: string; goalIds: string[]; dependencies: string[]; startMonth: number; endMonth: number; milestone: string; metrics: string[]; }'.
tests/world-agent.test.ts(45,45): error TS2345: Argument of type '{ title: string; summary: string; totalMonths: number; estimatedWeeklyHours: number; peakWeeklyHours: number; phases: { id: string; title: string; summary: string; startMonth: number; endMonth: number; ... 4 more ...; isSupportTrack: boolean; }[]; conflicts: never[]; milestones: never[]; }' is not assignable to parameter of type '{ summary: string; title: string; totalMonths: number; estimatedWeeklyHours: number; phases: { id: string; summary: string; hoursPerWeek: number; title: string; goalIds: string[]; dependencies: string[]; startMonth: number; endMonth: number; milestone: string; metrics: string[]; }[]; milestones: string[]; conflicts:...'.
  Types of property 'phases' are incompatible.
    Type '{ id: string; title: string; summary: string; startMonth: number; endMonth: number; goalIds: string[]; hoursPerWeek: number; milestone: string; metrics: never[]; isSupportTrack: boolean; }[]' is not assignable to type '{ id: string; summary: string; hoursPerWeek: number; title: string; goalIds: string[]; dependencies: string[]; startMonth: number; endMonth: number; milestone: string; metrics: string[]; }[]'.
      Property 'dependencies' is missing in type '{ id: string; title: string; summary: string; startMonth: number; endMonth: number; goalIds: string[]; hoursPerWeek: number; milestone: string; metrics: never[]; isSupportTrack: boolean; }' but required in type '{ id: string; summary: string; hoursPerWeek: number; title: string; goalIds: string[]; dependencies: string[]; startMonth: number; endMonth: number; milestone: string; metrics: string[]; }'.
tmp/test-simulation-flow.ts(72,57): error TS2739: Type '{ title: string; summary: string; totalMonths: number; phases: { id: string; title: string; goalIds: string[]; startMonth: number; endMonth: number; hoursPerWeek: number; }[]; }' is missing the following properties from type '{ summary: string; title: string; totalMonths: number; estimatedWeeklyHours: number; phases: { id: string; summary: string; hoursPerWeek: number; title: string; goalIds: string[]; dependencies: string[]; startMonth: number; endMonth: number; milestone: string; metrics: string[]; }[]; milestones: string[]; conflicts:...': estimatedWeeklyHours, milestones, conflicts
tmp/test-simulation-flow.ts(76,48): error TS2739: Type '{ title: string; summary: string; totalMonths: number; phases: { id: string; title: string; goalIds: string[]; startMonth: number; endMonth: number; hoursPerWeek: number; }[]; }' is missing the following properties from type '{ summary: string; title: string; totalMonths: number; estimatedWeeklyHours: number; phases: { id: string; summary: string; hoursPerWeek: number; title: string; goalIds: string[]; dependencies: string[]; startMonth: number; endMonth: number; milestone: string; metrics: string[]; }[]; milestones: string[]; conflicts:...': estimatedWeeklyHours, milestones, conflicts
tmp/test-simulation-flow.ts(81,48): error TS2739: Type '{ title: string; summary: string; totalMonths: number; phases: { id: string; title: string; goalIds: string[]; startMonth: number; endMonth: number; hoursPerWeek: number; }[]; }' is missing the following properties from type '{ summary: string; title: string; totalMonths: number; estimatedWeeklyHours: number; phases: { id: string; summary: string; hoursPerWeek: number; title: string; goalIds: string[]; dependencies: string[]; startMonth: number; endMonth: number; milestone: string; metrics: string[]; }[]; milestones: string[]; conflicts:...': estimatedWeeklyHours, milestones, conflicts
tmp/test-simulation-flow.ts(92,5): error TS2739: Type '{ title: string; summary: string; totalMonths: number; phases: { id: string; title: string; goalIds: string[]; startMonth: number; endMonth: number; hoursPerWeek: number; }[]; }' is missing the following properties from type '{ summary: string; title: string; totalMonths: number; estimatedWeeklyHours: number; phases: { id: string; summary: string; hoursPerWeek: number; title: string; goalIds: string[]; dependencies: string[]; startMonth: number; endMonth: number; milestone: string; metrics: string[]; }[]; milestones: string[]; conflicts:...': estimatedWeeklyHours, milestones, conflicts
